23:15:33 procs=1 max_kb=539312 sum_kb=539312 root=tests/fm-pending-reply.test.sh
23:15:35 procs=1 max_kb=905920 sum_kb=905920 root=tests/fm-pending-reply.test.sh
23:15:37 procs=1 max_kb=1147904 sum_kb=1147904 root=tests/fm-pending-reply.test.sh
23:15:39 procs=1 max_kb=1807984 sum_kb=1807984 root=tests/fm-pending-reply.test.sh
23:15:42 procs=1 max_kb=2855712 sum_kb=2855712 root=tests/fm-pending-reply.test.sh
23:15:44 procs=1 max_kb=3297216 sum_kb=3297216 root=tests/fm-pending-reply.test.sh
23:15:46 procs=1 max_kb=3020640 sum_kb=3020640 root=tests/fm-pending-reply.test.sh
23:15:49 procs=1 max_kb=2933024 sum_kb=2933024 root=tests/fm-pending-reply.test.sh
23:15:51 procs=1 max_kb=2853664 sum_kb=2853664 root=tests/fm-pending-reply.test.sh
23:15:53 procs=1 max_kb=2639840 sum_kb=2639840 root=tests/fm-pending-reply.test.sh
23:15:55 procs=1 max_kb=1756624 sum_kb=1756624 root=tests/fm-pending-reply.test.sh
23:15:58 procs=1 max_kb=1634224 sum_kb=1634224 root=tests/fm-pending-reply.test.sh
23:16:00 procs=1 max_kb=1540368 sum_kb=1540368 root=tests/fm-pending-reply.test.sh
23:16:02 procs=1 max_kb=1176576 sum_kb=1176576 root=tests/fm-pending-reply.test.sh
23:16:04 procs=1 max_kb=1400784 sum_kb=1400784 root=tests/fm-pending-reply.test.sh
23:16:06 procs=1 max_kb=1375552 sum_kb=1375552 root=tests/fm-pending-reply.test.sh
23:16:09 procs=1 max_kb=1608368 sum_kb=1608368 root=tests/fm-pending-reply.test.sh
23:16:11 procs=1 max_kb=1241440 sum_kb=1241440 root=tests/fm-pending-reply.test.sh
23:16:13 procs=1 max_kb=1581664 sum_kb=1581664 root=tests/fm-pending-reply.test.sh
23:16:15 procs=1 max_kb=1220096 sum_kb=1220096 root=tests/fm-pending-reply.test.sh
23:16:18 procs=1 max_kb=1163760 sum_kb=1163760 root=tests/fm-pending-reply.test.sh
23:16:20 procs=1 max_kb=1076016 sum_kb=1076016 root=tests/fm-pending-reply.test.sh
23:16:22 procs=1 max_kb=666208 sum_kb=666208 root=tests/fm-pending-reply.test.sh
23:16:25 procs=1 max_kb=946736 sum_kb=946736 root=tests/fm-pending-reply.test.sh
23:16:27 procs=1 max_kb=1204784 sum_kb=1204784 root=tests/fm-pending-reply.test.sh
23:16:29 procs=1 max_kb=1267808 sum_kb=1267808 root=tests/fm-pending-reply.test.sh
23:16:31 procs=1 max_kb=1190592 sum_kb=1190592 root=tests/fm-pending-reply.test.sh
23:16:34 procs=1 max_kb=1789968 sum_kb=1789968 root=tests/fm-pending-reply.test.sh
23:16:36 procs=1 max_kb=1120640 sum_kb=1120640 root=tests/fm-pending-reply.test.sh
23:16:38 procs=1 max_kb=1078544 sum_kb=1078544 root=tests/fm-pending-reply.test.sh
23:16:40 procs=1 max_kb=1237264 sum_kb=1237264 root=tests/fm-pending-reply.test.sh
23:16:43 procs=1 max_kb=1313744 sum_kb=1313744 root=tests/fm-pending-reply.test.sh
23:16:45 procs=1 max_kb=1293600 sum_kb=1293600 root=tests/fm-pending-reply.test.sh
23:16:47 procs=1 max_kb=1368912 sum_kb=1368912 root=tests/fm-pending-reply.test.sh
23:16:50 procs=1 max_kb=1188736 sum_kb=1188736 root=tests/fm-pending-reply.test.sh
23:16:52 procs=1 max_kb=1184736 sum_kb=1184736 root=tests/fm-pending-reply.test.sh
23:16:54 procs=1 max_kb=1323088 sum_kb=1323088 root=tests/fm-pending-reply.test.sh
23:16:57 procs=1 max_kb=778432 sum_kb=778432 root=tests/fm-pending-reply.test.sh
23:16:59 procs=1 max_kb=345760 sum_kb=345760 root=tests/fm-pending-reply.test.sh
23:17:01 procs=1 max_kb=1149488 sum_kb=1149488 root=tests/fm-pending-reply.test.sh
23:17:03 procs=1 max_kb=1431568 sum_kb=1431568 root=tests/fm-pending-reply.test.sh
23:17:05 procs=1 max_kb=1336496 sum_kb=1336496 root=tests/fm-pending-reply.test.sh
23:17:08 procs=1 max_kb=664544 sum_kb=664544 root=tests/fm-pending-reply.test.sh
23:17:10 procs=1 max_kb=1048480 sum_kb=1048480 root=tests/fm-pending-reply.test.sh
23:17:12 procs=1 max_kb=1528912 sum_kb=1528912 root=tests/fm-pending-reply.test.sh
23:17:14 procs=1 max_kb=1196560 sum_kb=1196560 root=tests/fm-pending-reply.test.sh
23:17:17 procs=1 max_kb=707344 sum_kb=707344 root=tests/fm-pending-reply.test.sh
23:17:19 procs=1 max_kb=670976 sum_kb=670976 root=tests/fm-pending-reply.test.sh
23:17:21 procs=1 max_kb=1468496 sum_kb=1468496 root=tests/fm-pending-reply.test.sh
23:17:23 procs=1 max_kb=1676832 sum_kb=1676832 root=tests/fm-pending-reply.test.sh
23:17:26 procs=1 max_kb=981504 sum_kb=981504 root=tests/fm-pending-reply.test.sh
23:17:28 procs=1 max_kb=334464 sum_kb=334464 root=tests/fm-pending-reply.test.sh
23:17:30 procs=1 max_kb=399952 sum_kb=399952 root=tests/fm-pending-reply.test.sh
23:17:32 procs=1 max_kb=345248 sum_kb=345248 root=tests/fm-pending-reply.test.sh
23:17:35 procs=1 max_kb=483408 sum_kb=483408 root=tests/fm-pending-reply.test.sh
23:17:37 procs=1 max_kb=458656 sum_kb=458656 root=tests/fm-pending-reply.test.sh
23:17:39 procs=1 max_kb=518928 sum_kb=518928 root=tests/fm-pending-reply.test.sh
23:17:42 procs=1 max_kb=705888 sum_kb=705888 root=tests/fm-pending-reply.test.sh
23:17:44 procs=1 max_kb=1163776 sum_kb=1163776 root=tests/fm-pending-reply.test.sh
23:17:46 procs=1 max_kb=1191696 sum_kb=1191696 root=tests/fm-pending-reply.test.sh
23:17:48 procs=1 max_kb=622896 sum_kb=622896 root=tests/fm-pending-reply.test.sh
23:17:50 procs=1 max_kb=683040 sum_kb=683040 root=tests/fm-pending-reply.test.sh
23:17:53 procs=1 max_kb=937248 sum_kb=937248 root=tests/fm-pending-reply.test.sh
23:17:55 procs=1 max_kb=900384 sum_kb=900384 root=tests/fm-pending-reply.test.sh
23:17:58 procs=1 max_kb=495552 sum_kb=495552 root=tests/fm-pending-reply.test.sh
23:18:00 procs=1 max_kb=632048 sum_kb=632048 root=tests/fm-pending-reply.test.sh
23:18:02 procs=1 max_kb=795056 sum_kb=795056 root=tests/fm-pending-reply.test.sh
23:18:04 procs=1 max_kb=820864 sum_kb=820864 root=tests/fm-pending-reply.test.sh
23:18:07 procs=1 max_kb=110816 sum_kb=110816 root=tests/fm-pi-watch-extension.test.sh
23:18:09 procs=1 max_kb=38544 sum_kb=38544 root=tests/fm-remote-job-orphan-reap.test.sh
23:18:11 procs=1 max_kb=284976 sum_kb=284976 root=tests/fm-remote-transport-lanes.test.sh
23:18:13 procs=1 max_kb=391536 sum_kb=391536 root=tests/fm-rovo-harness.test.sh
23:18:16 procs=1 max_kb=35472 sum_kb=35472 root=tests/fm-secondmate-sync.test.sh
23:18:18 procs=1 max_kb=180608 sum_kb=180608 root=tests/fm-send-resolve-key.test.sh
23:18:20 procs=1 max_kb=37520 sum_kb=37520 root=tests/fm-stat-shadowing.test.sh
23:18:22 procs=1 max_kb=148176 sum_kb=148176 root=tests/fm-stat-shadowing.test.sh
23:18:24 procs=1 max_kb=303840 sum_kb=303840 root=tests/fm-stat-shadowing.test.sh
23:18:26 procs=1 max_kb=550896 sum_kb=550896 root=tests/fm-stat-shadowing.test.sh
23:18:29 procs=1 max_kb=1632256 sum_kb=1632256 root=tests/fm-stat-shadowing.test.sh
23:18:31 procs=1 max_kb=1844368 sum_kb=1844368 root=tests/fm-stat-shadowing.test.sh
23:18:33 procs=1 max_kb=1844368 sum_kb=1844368 root=tests/fm-stat-shadowing.test.sh
23:18:35 procs=1 max_kb=1844432 sum_kb=1844432 root=tests/fm-stat-shadowing.test.sh
23:18:37 procs=1 max_kb=3092480 sum_kb=3092480 root=tests/fm-stat-shadowing.test.sh
23:18:40 procs=1 max_kb=3380944 sum_kb=3380944 root=tests/fm-stat-shadowing.test.sh
23:18:42 procs=1 max_kb=3950480 sum_kb=3950480 root=tests/fm-stat-shadowing.test.sh
23:18:44 procs=1 max_kb=4364352 sum_kb=4364352 root=tests/fm-stat-shadowing.test.sh
23:18:46 procs=1 max_kb=4531232 sum_kb=4531232 root=tests/fm-stat-shadowing.test.sh
23:18:48 procs=1 max_kb=4214064 sum_kb=4214064 root=tests/fm-stat-shadowing.test.sh
23:18:50 procs=1 max_kb=4134848 sum_kb=4134848 root=tests/fm-stat-shadowing.test.sh
23:18:52 procs=1 max_kb=3323216 sum_kb=3323216 root=tests/fm-stat-shadowing.test.sh
23:18:55 procs=1 max_kb=3667920 sum_kb=3667920 root=tests/fm-stat-shadowing.test.sh
23:18:58 procs=1 max_kb=2606400 sum_kb=2606400 root=tests/fm-stat-shadowing.test.sh
23:19:00 procs=1 max_kb=1699472 sum_kb=1699472 root=tests/fm-stat-shadowing.test.sh
23:19:02 procs=1 max_kb=1161312 sum_kb=1161312 root=tests/fm-stat-shadowing.test.sh
23:19:04 procs=1 max_kb=46752 sum_kb=46752 root=tests/fm-teardown-endpoint-safety.test.sh
23:19:07 procs=1 max_kb=69968 sum_kb=69968 root=tests/fm-watch-recovery-loop.test.sh
23:19:09 procs=0 max_kb=0 sum_kb=0 root=
