ALLOW|06:28:02|env_session=fm-lab-collide-98534-29294|flag_session=fm-lab-collide-98534-29294|socket_env=none|/var/folders/1l/gg6b5zsx0qn753wwhcmmq8cr0000gn/T//fm-herdr-guard.HZ7YON/herdr session list --json --session fm-lab-collide-98534-29294
ALLOW|06:28:02|env_session=fm-lab-collide-98534-29294|flag_session=fm-lab-collide-98534-29294|socket_env=none|/var/folders/1l/gg6b5zsx0qn753wwhcmmq8cr0000gn/T//fm-herdr-guard.HZ7YON/herdr session list --json --session fm-lab-collide-98534-29294
ALLOW|06:28:02|env_session=fm-lab-collide-98534-29294|flag_session=fm-lab-collide-98534-29294|socket_env=none|/var/folders/1l/gg6b5zsx0qn753wwhcmmq8cr0000gn/T//fm-herdr-guard.HZ7YON/herdr session list --json --session fm-lab-collide-98534-29294
ALLOW|06:28:02|env_session=fm-lab-collide-98534-29294|flag_session=fm-lab-collide-98534-29294|socket_env=none|/var/folders/1l/gg6b5zsx0qn753wwhcmmq8cr0000gn/T//fm-herdr-guard.HZ7YON/herdr server --session fm-lab-collide-98534-29294
ALLOW|06:28:02|env_session=fm-lab-collide-98534-29294|flag_session=fm-lab-collide-98534-29294|socket_env=none|/var/folders/1l/gg6b5zsx0qn753wwhcmmq8cr0000gn/T//fm-herdr-guard.HZ7YON/herdr status --json --session fm-lab-collide-98534-29294
ALLOW|06:28:02|env_session=fm-lab-collide-98534-29294|flag_session=fm-lab-collide-98534-29294|socket_env=none|/var/folders/1l/gg6b5zsx0qn753wwhcmmq8cr0000gn/T//fm-herdr-guard.HZ7YON/herdr status --json --session fm-lab-collide-98534-29294
ALLOW|06:28:02|env_session=fm-lab-collide-98534-29294|flag_session=fm-lab-collide-98534-29294|socket_env=none|/var/folders/1l/gg6b5zsx0qn753wwhcmmq8cr0000gn/T//fm-herdr-guard.HZ7YON/herdr session list --json --session fm-lab-collide-98534-29294
ALLOW|06:28:02|env_session=fm-lab-collide-98534-29294|flag_session=fm-lab-collide-98534-29294|socket_env=none|/var/folders/1l/gg6b5zsx0qn753wwhcmmq8cr0000gn/T//fm-herdr-guard.HZ7YON/herdr workspace create --cwd /var/folders/1l/gg6b5zsx0qn753wwhcmmq8cr0000gn/T/tmp.zCKnVNcU5t --label
ALLOW|06:28:02|env_session=fm-lab-collide-98534-29294|flag_session=fm-lab-collide-98534-29294|socket_env=none|/var/folders/1l/gg6b5zsx0qn753wwhcmmq8cr0000gn/T//fm-herdr-guard.HZ7YON/herdr status --json --session fm-lab-collide-98534-29294
ALLOW|06:28:02|env_session=fm-lab-collide-98534-29294|flag_session=fm-lab-collide-98534-29294|socket_env=none|/var/folders/1l/gg6b5zsx0qn753wwhcmmq8cr0000gn/T//fm-herdr-guard.HZ7YON/herdr pane send-text w1:p1 echo -- FMCOLLIDE_98525_14764 --session
ALLOW|06:28:02|env_session=fm-lab-collide-98534-29294|flag_session=fm-lab-collide-98534-29294|socket_env=none|/var/folders/1l/gg6b5zsx0qn753wwhcmmq8cr0000gn/T//fm-herdr-guard.HZ7YON/herdr status --json --session fm-lab-collide-98534-29294
ALLOW|06:28:02|env_session=fm-lab-collide-98534-29294|flag_session=fm-lab-collide-98534-29294|socket_env=none|/var/folders/1l/gg6b5zsx0qn753wwhcmmq8cr0000gn/T//fm-herdr-guard.HZ7YON/herdr pane send-keys w1:p1 enter --session
ALLOW|06:28:04|env_session=fm-lab-collide-98534-29294|flag_session=fm-lab-collide-98534-29294|socket_env=none|/var/folders/1l/gg6b5zsx0qn753wwhcmmq8cr0000gn/T//fm-herdr-guard.HZ7YON/herdr pane read w1:p1 --source recent
ALLOW|06:28:04|env_session=fm-lab-collide-98534-29294|flag_session=fm-lab-collide-98534-29294|socket_env=none|/var/folders/1l/gg6b5zsx0qn753wwhcmmq8cr0000gn/T//fm-herdr-guard.HZ7YON/herdr session list --json --session fm-lab-collide-98534-29294
ALLOW|06:28:04|env_session=fm-lab-collide-98534-29294|flag_session=fm-lab-collide-98534-29294|socket_env=none|/var/folders/1l/gg6b5zsx0qn753wwhcmmq8cr0000gn/T//fm-herdr-guard.HZ7YON/herdr session list --json --session fm-lab-collide-98534-29294
ALLOW|06:28:04|env_session=fm-lab-collide-98534-29294|flag_session=fm-lab-collide-98534-29294|socket_env=none|/var/folders/1l/gg6b5zsx0qn753wwhcmmq8cr0000gn/T//fm-herdr-guard.HZ7YON/herdr session stop fm-lab-collide-98534-29294 --json --session
ALLOW|06:28:05|env_session=fm-lab-collide-98534-29294|flag_session=fm-lab-collide-98534-29294|socket_env=none|/var/folders/1l/gg6b5zsx0qn753wwhcmmq8cr0000gn/T//fm-herdr-guard.HZ7YON/herdr session list --json --session fm-lab-collide-98534-29294
ALLOW|06:28:05|env_session=fm-lab-collide-98534-29294|flag_session=fm-lab-collide-98534-29294|socket_env=none|/var/folders/1l/gg6b5zsx0qn753wwhcmmq8cr0000gn/T//fm-herdr-guard.HZ7YON/herdr session delete fm-lab-collide-98534-29294 --json --session
ALLOW|06:28:05|env_session=fm-lab-collide-98534-29294|flag_session=fm-lab-collide-98534-29294|socket_env=none|/var/folders/1l/gg6b5zsx0qn753wwhcmmq8cr0000gn/T//fm-herdr-guard.HZ7YON/herdr session list --json --session fm-lab-collide-98534-29294
ALLOW|06:28:05|env_session=fm-lab-collide-98534-29294|flag_session=fm-lab-collide-98534-29294|socket_env=none|/var/folders/1l/gg6b5zsx0qn753wwhcmmq8cr0000gn/T//fm-herdr-guard.HZ7YON/herdr session list --json --session fm-lab-collide-98534-29294
